// Jest Snapshot v1, https://goo.gl/fbAQLP

exports[`matches snapshot 1`] = `
<DocumentFragment>
  <form
    class="NewTodoForm"
  >
    <label
      for="text"
    >
      Todo: 
    </label>
    <input
      id="text"
      name="text"
      placeholder="What needs to get done?"
      type="text"
      value=""
    />
    <button>
      New Todo
    </button>
  </form>
</DocumentFragment>
`;
